powitanie
powiŚ
